app/classroom/[id]/page.tsx(35,50): error TS2339: Property 'regenerateScene' does not exist on type '{ generateRemaining: (params: GenerationParams) => Promise<void>; retrySingleOutline: (outlineId: string) => Promise<void>; stop: () => void; isGenerating: () => boolean; }'.
